// Jest Snapshot v1, https://goo.gl/fbAQLP

exports[`<Transition /> -- all props filled appear 1`] = `
Object {
  "className": "APPEAR",
  "method": "addClass",
  "name": "horizontal",
}
`;

exports[`<Transition /> -- all props filled appear 2`] = `
Object {
  "className": "APPEAR",
  "method": "setTimeoutAnimationFrame",
  "ms": 44,
}
`;

exports[`<Transition /> -- all props filled appear 3`] = `
Object {
  "className": "APPEAR-active",
  "method": "addClass",
  "name": "horizontal",
}
`;

exports[`<Transition /> -- all props filled appear 4`] = `
Object {
  "className": "done callbacks",
  "method": "setTimeoutAnimationFrame",
  "ms": 711,
}
`;

exports[`<Transition /> -- all props filled appear 5`] = `
Object {
  "method": "removeAnimationClasses",
  "name": "horizontal",
}
`;

exports[`<Transition /> -- all props filled appear 6`] = `
<div>
  <div
    className="child"
    style={
      Object {
        "backgroundColor": "blue",
      }
    }
  />
</div>
`;

exports[`<Transition /> -- all props filled beforeAppear 1`] = `
Object {
  "className": "APPEAR",
  "method": "addClass",
  "name": "horizontal",
}
`;

exports[`<Transition /> -- all props filled beforeAppear 2`] = `
Object {
  "className": "APPEAR",
  "method": "setTimeoutAnimationFrame",
  "ms": 44,
}
`;

exports[`<Transition /> -- all props filled beforeAppear 3`] = `
Object {
  "className": "APPEAR-active",
  "method": "addClass",
  "name": "horizontal",
}
`;

exports[`<Transition /> -- all props filled beforeAppear 4`] = `
Object {
  "className": "done callbacks",
  "method": "setTimeoutAnimationFrame",
  "ms": 711,
}
`;

exports[`<Transition /> -- all props filled beforeAppear 5`] = `
Object {
  "method": "removeAnimationClasses",
  "name": "horizontal",
}
`;

exports[`<Transition /> -- all props filled beforeAppear 6`] = `
<div>
  <div
    className="child"
    style={
      Object {
        "backgroundColor": "blue",
      }
    }
  />
</div>
`;

exports[`<Transition /> -- all props filled beforeEnter 1`] = `
Object {
  "type": "FULL",
}
`;

exports[`<Transition /> -- all props filled beforeEnter 2`] = `
Object {
  "className": "ENTER",
  "method": "addClass",
  "name": "horizontal",
}
`;

exports[`<Transition /> -- all props filled beforeEnter 3`] = `
Object {
  "className": "ENTER",
  "method": "setTimeoutAnimationFrame",
  "ms": 54,
}
`;

exports[`<Transition /> -- all props filled beforeEnter 4`] = `
Object {
  "className": "ENTER-active",
  "method": "addClass",
  "name": "horizontal",
}
`;

exports[`<Transition /> -- all props filled beforeEnter 5`] = `
Object {
  "className": "done callbacks",
  "method": "setTimeoutAnimationFrame",
  "ms": 722,
}
`;

exports[`<Transition /> -- all props filled beforeEnter 6`] = `
Object {
  "method": "removeAnimationClasses",
  "name": "horizontal",
}
`;

exports[`<Transition /> -- all props filled beforeEnter 7`] = `
Object {
  "empty": false,
  "num": 0,
}
`;

exports[`<Transition /> -- all props filled beforeEnter 8`] = `
<div>
  <div
    className="child"
    style={
      Object {
        "backgroundColor": "blue",
      }
    }
  />
</div>
`;

exports[`<Transition /> -- all props filled beforeLeave 1`] = `
Object {
  "className": "APPEAR",
  "method": "addClass",
  "name": "horizontal",
}
`;

exports[`<Transition /> -- all props filled beforeLeave 2`] = `
Object {
  "className": "APPEAR",
  "method": "setTimeoutAnimationFrame",
  "ms": 44,
}
`;

exports[`<Transition /> -- all props filled beforeLeave 3`] = `
Object {
  "className": "APPEAR-active",
  "method": "addClass",
  "name": "horizontal",
}
`;

exports[`<Transition /> -- all props filled beforeLeave 4`] = `
Object {
  "className": "done callbacks",
  "method": "setTimeoutAnimationFrame",
  "ms": 711,
}
`;

exports[`<Transition /> -- all props filled beforeLeave 5`] = `
Object {
  "method": "removeAnimationClasses",
  "name": "horizontal",
}
`;

exports[`<Transition /> -- all props filled beforeLeave 6`] = `
Object {
  "type": "EMPTY",
}
`;

exports[`<Transition /> -- all props filled beforeLeave 7`] = `
Object {
  "className": "LEAVE",
  "method": "addClass",
  "name": "horizontal",
}
`;

exports[`<Transition /> -- all props filled beforeLeave 8`] = `
Object {
  "className": "LEAVE",
  "method": "setTimeoutAnimationFrame",
  "ms": 64,
}
`;

exports[`<Transition /> -- all props filled beforeLeave 9`] = `
Object {
  "className": "LEAVE-active",
  "method": "addClass",
  "name": "horizontal",
}
`;

exports[`<Transition /> -- all props filled beforeLeave 10`] = `
Object {
  "className": "done callbacks",
  "method": "setTimeoutAnimationFrame",
  "ms": 733,
}
`;

exports[`<Transition /> -- all props filled beforeLeave 11`] = `
Object {
  "method": "removeAnimationClasses",
  "name": "horizontal",
}
`;

exports[`<Transition /> -- all props filled beforeLeave 12`] = `
Object {
  "empty": true,
  "num": 0,
}
`;

exports[`<Transition /> -- all props filled beforeLeave 13`] = `<div />`;

exports[`<Transition /> -- all props filled enter 1`] = `
Object {
  "type": "FULL",
}
`;

exports[`<Transition /> -- all props filled enter 2`] = `
Object {
  "className": "ENTER",
  "method": "addClass",
  "name": "horizontal",
}
`;

exports[`<Transition /> -- all props filled enter 3`] = `
Object {
  "className": "ENTER",
  "method": "setTimeoutAnimationFrame",
  "ms": 54,
}
`;

exports[`<Transition /> -- all props filled enter 4`] = `
Object {
  "className": "ENTER-active",
  "method": "addClass",
  "name": "horizontal",
}
`;

exports[`<Transition /> -- all props filled enter 5`] = `
Object {
  "className": "done callbacks",
  "method": "setTimeoutAnimationFrame",
  "ms": 722,
}
`;

exports[`<Transition /> -- all props filled enter 6`] = `
Object {
  "method": "removeAnimationClasses",
  "name": "horizontal",
}
`;

exports[`<Transition /> -- all props filled enter 7`] = `
Object {
  "empty": false,
  "num": 0,
}
`;

exports[`<Transition /> -- all props filled enter 8`] = `
<div>
  <div
    className="child"
    style={
      Object {
        "backgroundColor": "blue",
      }
    }
  />
</div>
`;

exports[`<Transition /> -- all props filled leave 1`] = `
Object {
  "className": "APPEAR",
  "method": "addClass",
  "name": "horizontal",
}
`;

exports[`<Transition /> -- all props filled leave 2`] = `
Object {
  "className": "APPEAR",
  "method": "setTimeoutAnimationFrame",
  "ms": 44,
}
`;

exports[`<Transition /> -- all props filled leave 3`] = `
Object {
  "className": "APPEAR-active",
  "method": "addClass",
  "name": "horizontal",
}
`;

exports[`<Transition /> -- all props filled leave 4`] = `
Object {
  "className": "done callbacks",
  "method": "setTimeoutAnimationFrame",
  "ms": 711,
}
`;

exports[`<Transition /> -- all props filled leave 5`] = `
Object {
  "method": "removeAnimationClasses",
  "name": "horizontal",
}
`;

exports[`<Transition /> -- all props filled leave 6`] = `
Object {
  "type": "EMPTY",
}
`;

exports[`<Transition /> -- all props filled leave 7`] = `
Object {
  "className": "LEAVE",
  "method": "addClass",
  "name": "horizontal",
}
`;

exports[`<Transition /> -- all props filled leave 8`] = `
Object {
  "className": "LEAVE",
  "method": "setTimeoutAnimationFrame",
  "ms": 64,
}
`;

exports[`<Transition /> -- all props filled leave 9`] = `
Object {
  "className": "LEAVE-active",
  "method": "addClass",
  "name": "horizontal",
}
`;

exports[`<Transition /> -- all props filled leave 10`] = `
Object {
  "className": "done callbacks",
  "method": "setTimeoutAnimationFrame",
  "ms": 733,
}
`;

exports[`<Transition /> -- all props filled leave 11`] = `
Object {
  "method": "removeAnimationClasses",
  "name": "horizontal",
}
`;

exports[`<Transition /> -- all props filled leave 12`] = `
Object {
  "empty": true,
  "num": 0,
}
`;

exports[`<Transition /> -- all props filled leave 13`] = `<div />`;

exports[`<TransitionGroup /> + <Transition /> -- no props appear 1`] = `
Object {
  "className": "appear",
  "method": "addClass",
  "name": "",
}
`;

exports[`<TransitionGroup /> + <Transition /> -- no props appear 2`] = `
Object {
  "className": "appear",
  "method": "setTimeoutAnimationFrame",
  "ms": 34,
}
`;

exports[`<TransitionGroup /> + <Transition /> -- no props appear 3`] = `
Object {
  "className": "appear-active",
  "method": "addClass",
  "name": "",
}
`;

exports[`<TransitionGroup /> + <Transition /> -- no props appear 4`] = `
Object {
  "className": "done callbacks",
  "method": "setTimeoutAnimationFrame",
  "ms": 35,
}
`;

exports[`<TransitionGroup /> + <Transition /> -- no props appear 5`] = `
Object {
  "method": "removeAnimationClasses",
  "name": "",
}
`;

exports[`<TransitionGroup /> + <Transition /> -- no props appear 6`] = `
<div>
  <div
    className="child"
    style={
      Object {
        "backgroundColor": "blue",
      }
    }
  />
</div>
`;

exports[`<TransitionGroup /> + <Transition /> -- no props enter + leave -- simple duration (debounced) 1`] = `
Object {
  "className": "appear",
  "method": "addClass",
  "name": "",
}
`;

exports[`<TransitionGroup /> + <Transition /> -- no props enter + leave -- simple duration (debounced) 2`] = `
Object {
  "className": "appear",
  "method": "setTimeoutAnimationFrame",
  "ms": 34,
}
`;

exports[`<TransitionGroup /> + <Transition /> -- no props enter + leave -- simple duration (debounced) 3`] = `
Object {
  "className": "appear-active",
  "method": "addClass",
  "name": "",
}
`;

exports[`<TransitionGroup /> + <Transition /> -- no props enter + leave -- simple duration (debounced) 4`] = `
Object {
  "className": "done callbacks",
  "method": "setTimeoutAnimationFrame",
  "ms": 535,
}
`;

exports[`<TransitionGroup /> + <Transition /> -- no props enter + leave -- simple duration (debounced) 5`] = `
Object {
  "method": "removeAnimationClasses",
  "name": "",
}
`;

exports[`<TransitionGroup /> + <Transition /> -- no props enter + leave -- simple duration (debounced) 6`] = `
Object {
  "type": "SWITCH",
}
`;

exports[`<TransitionGroup /> + <Transition /> -- no props enter + leave -- simple duration (debounced) 7`] = `
Object {
  "empty": false,
  "num": 1,
}
`;

exports[`<TransitionGroup /> + <Transition /> -- no props enter + leave -- simple duration (debounced) 8`] = `
<div>
  <div
    className="child"
    style={
      Object {
        "backgroundColor": "blue",
      }
    }
  />
</div>
`;

exports[`<TransitionGroup /> + <Transition /> -- no props enter + leave 1`] = `
Object {
  "className": "appear",
  "method": "addClass",
  "name": "",
}
`;

exports[`<TransitionGroup /> + <Transition /> -- no props enter + leave 2`] = `
Object {
  "className": "appear",
  "method": "setTimeoutAnimationFrame",
  "ms": 34,
}
`;

exports[`<TransitionGroup /> + <Transition /> -- no props enter + leave 3`] = `
Object {
  "className": "appear-active",
  "method": "addClass",
  "name": "",
}
`;

exports[`<TransitionGroup /> + <Transition /> -- no props enter + leave 4`] = `
Object {
  "className": "done callbacks",
  "method": "setTimeoutAnimationFrame",
  "ms": 35,
}
`;

exports[`<TransitionGroup /> + <Transition /> -- no props enter + leave 5`] = `
Object {
  "method": "removeAnimationClasses",
  "name": "",
}
`;

exports[`<TransitionGroup /> + <Transition /> -- no props enter + leave 6`] = `
Object {
  "type": "SWITCH",
}
`;

exports[`<TransitionGroup /> + <Transition /> -- no props enter + leave 7`] = `
Object {
  "className": "enter",
  "method": "addClass",
  "name": "",
}
`;

exports[`<TransitionGroup /> + <Transition /> -- no props enter + leave 8`] = `
Object {
  "className": "enter",
  "method": "setTimeoutAnimationFrame",
  "ms": 34,
}
`;

exports[`<TransitionGroup /> + <Transition /> -- no props enter + leave 9`] = `
Object {
  "className": "enter-active",
  "method": "addClass",
  "name": "",
}
`;

exports[`<TransitionGroup /> + <Transition /> -- no props enter + leave 10`] = `
Object {
  "className": "done callbacks",
  "method": "setTimeoutAnimationFrame",
  "ms": 35,
}
`;

exports[`<TransitionGroup /> + <Transition /> -- no props enter + leave 11`] = `
Object {
  "method": "removeAnimationClasses",
  "name": "",
}
`;

exports[`<TransitionGroup /> + <Transition /> -- no props enter + leave 12`] = `
Object {
  "className": "leave",
  "method": "addClass",
  "name": "",
}
`;

exports[`<TransitionGroup /> + <Transition /> -- no props enter + leave 13`] = `
Object {
  "className": "leave",
  "method": "setTimeoutAnimationFrame",
  "ms": 34,
}
`;

exports[`<TransitionGroup /> + <Transition /> -- no props enter + leave 14`] = `
Object {
  "className": "leave-active",
  "method": "addClass",
  "name": "",
}
`;

exports[`<TransitionGroup /> + <Transition /> -- no props enter + leave 15`] = `
Object {
  "className": "done callbacks",
  "method": "setTimeoutAnimationFrame",
  "ms": 35,
}
`;

exports[`<TransitionGroup /> + <Transition /> -- no props enter + leave 16`] = `
Object {
  "method": "removeAnimationClasses",
  "name": "",
}
`;

exports[`<TransitionGroup /> + <Transition /> -- no props enter + leave 17`] = `
Object {
  "empty": false,
  "num": 1,
}
`;

exports[`<TransitionGroup /> + <Transition /> -- no props enter + leave 18`] = `
<div>
  <div
    className="child"
    style={
      Object {
        "backgroundColor": "purple",
      }
    }
  />
</div>
`;

exports[`<TransitionGroup /> -- all props filled appear 1`] = `
Object {
  "className": "APPEAR",
  "method": "addClass",
  "name": "horizontal",
}
`;

exports[`<TransitionGroup /> -- all props filled appear 2`] = `
Object {
  "className": "APPEAR",
  "method": "setTimeoutAnimationFrame",
  "ms": 44,
}
`;

exports[`<TransitionGroup /> -- all props filled appear 3`] = `
Object {
  "className": "APPEAR-active",
  "method": "addClass",
  "name": "horizontal",
}
`;

exports[`<TransitionGroup /> -- all props filled appear 4`] = `
Object {
  "className": "done callbacks",
  "method": "setTimeoutAnimationFrame",
  "ms": 711,
}
`;

exports[`<TransitionGroup /> -- all props filled appear 5`] = `
Object {
  "method": "removeAnimationClasses",
  "name": "horizontal",
}
`;

exports[`<TransitionGroup /> -- all props filled appear 6`] = `
<div>
  <div
    className="child"
    style={
      Object {
        "backgroundColor": "blue",
      }
    }
  />
</div>
`;

exports[`<TransitionGroup /> -- all props filled beforeAppear 1`] = `
Object {
  "className": "APPEAR",
  "method": "addClass",
  "name": "horizontal",
}
`;

exports[`<TransitionGroup /> -- all props filled beforeAppear 2`] = `
Object {
  "className": "APPEAR",
  "method": "setTimeoutAnimationFrame",
  "ms": 44,
}
`;

exports[`<TransitionGroup /> -- all props filled beforeAppear 3`] = `
Object {
  "className": "APPEAR-active",
  "method": "addClass",
  "name": "horizontal",
}
`;

exports[`<TransitionGroup /> -- all props filled beforeAppear 4`] = `
Object {
  "className": "done callbacks",
  "method": "setTimeoutAnimationFrame",
  "ms": 711,
}
`;

exports[`<TransitionGroup /> -- all props filled beforeAppear 5`] = `
Object {
  "method": "removeAnimationClasses",
  "name": "horizontal",
}
`;

exports[`<TransitionGroup /> -- all props filled beforeAppear 6`] = `
<div>
  <div
    className="child"
    style={
      Object {
        "backgroundColor": "blue",
      }
    }
  />
</div>
`;

exports[`<TransitionGroup /> -- all props filled beforeEnter 1`] = `
Object {
  "type": "FULL",
}
`;

exports[`<TransitionGroup /> -- all props filled beforeEnter 2`] = `
Object {
  "className": "ENTER",
  "method": "addClass",
  "name": "horizontal",
}
`;

exports[`<TransitionGroup /> -- all props filled beforeEnter 3`] = `
Object {
  "className": "ENTER",
  "method": "setTimeoutAnimationFrame",
  "ms": 54,
}
`;

exports[`<TransitionGroup /> -- all props filled beforeEnter 4`] = `
Object {
  "className": "ENTER-active",
  "method": "addClass",
  "name": "horizontal",
}
`;

exports[`<TransitionGroup /> -- all props filled beforeEnter 5`] = `
Object {
  "className": "done callbacks",
  "method": "setTimeoutAnimationFrame",
  "ms": 722,
}
`;

exports[`<TransitionGroup /> -- all props filled beforeEnter 6`] = `
Object {
  "method": "removeAnimationClasses",
  "name": "horizontal",
}
`;

exports[`<TransitionGroup /> -- all props filled beforeEnter 7`] = `
Object {
  "empty": false,
  "num": 0,
}
`;

exports[`<TransitionGroup /> -- all props filled beforeEnter 8`] = `
<div>
  <div
    className="child"
    style={
      Object {
        "backgroundColor": "blue",
      }
    }
  />
</div>
`;

exports[`<TransitionGroup /> -- all props filled beforeLeave 1`] = `
Object {
  "className": "APPEAR",
  "method": "addClass",
  "name": "horizontal",
}
`;

exports[`<TransitionGroup /> -- all props filled beforeLeave 2`] = `
Object {
  "className": "APPEAR",
  "method": "setTimeoutAnimationFrame",
  "ms": 44,
}
`;

exports[`<TransitionGroup /> -- all props filled beforeLeave 3`] = `
Object {
  "className": "APPEAR-active",
  "method": "addClass",
  "name": "horizontal",
}
`;

exports[`<TransitionGroup /> -- all props filled beforeLeave 4`] = `
Object {
  "className": "done callbacks",
  "method": "setTimeoutAnimationFrame",
  "ms": 711,
}
`;

exports[`<TransitionGroup /> -- all props filled beforeLeave 5`] = `
Object {
  "method": "removeAnimationClasses",
  "name": "horizontal",
}
`;

exports[`<TransitionGroup /> -- all props filled beforeLeave 6`] = `
Object {
  "type": "EMPTY",
}
`;

exports[`<TransitionGroup /> -- all props filled beforeLeave 7`] = `
Object {
  "className": "LEAVE",
  "method": "addClass",
  "name": "horizontal",
}
`;

exports[`<TransitionGroup /> -- all props filled beforeLeave 8`] = `
Object {
  "className": "LEAVE",
  "method": "setTimeoutAnimationFrame",
  "ms": 64,
}
`;

exports[`<TransitionGroup /> -- all props filled beforeLeave 9`] = `
Object {
  "className": "LEAVE-active",
  "method": "addClass",
  "name": "horizontal",
}
`;

exports[`<TransitionGroup /> -- all props filled beforeLeave 10`] = `
Object {
  "className": "done callbacks",
  "method": "setTimeoutAnimationFrame",
  "ms": 733,
}
`;

exports[`<TransitionGroup /> -- all props filled beforeLeave 11`] = `
Object {
  "method": "removeAnimationClasses",
  "name": "horizontal",
}
`;

exports[`<TransitionGroup /> -- all props filled beforeLeave 12`] = `
Object {
  "empty": true,
  "num": 0,
}
`;

exports[`<TransitionGroup /> -- all props filled beforeLeave 13`] = `<div />`;

exports[`<TransitionGroup /> -- all props filled enter 1`] = `
Object {
  "type": "FULL",
}
`;

exports[`<TransitionGroup /> -- all props filled enter 2`] = `
Object {
  "className": "ENTER",
  "method": "addClass",
  "name": "horizontal",
}
`;

exports[`<TransitionGroup /> -- all props filled enter 3`] = `
Object {
  "className": "ENTER",
  "method": "setTimeoutAnimationFrame",
  "ms": 54,
}
`;

exports[`<TransitionGroup /> -- all props filled enter 4`] = `
Object {
  "className": "ENTER-active",
  "method": "addClass",
  "name": "horizontal",
}
`;

exports[`<TransitionGroup /> -- all props filled enter 5`] = `
Object {
  "className": "done callbacks",
  "method": "setTimeoutAnimationFrame",
  "ms": 722,
}
`;

exports[`<TransitionGroup /> -- all props filled enter 6`] = `
Object {
  "method": "removeAnimationClasses",
  "name": "horizontal",
}
`;

exports[`<TransitionGroup /> -- all props filled enter 7`] = `
Object {
  "empty": false,
  "num": 0,
}
`;

exports[`<TransitionGroup /> -- all props filled enter 8`] = `
<div>
  <div
    className="child"
    style={
      Object {
        "backgroundColor": "blue",
      }
    }
  />
</div>
`;

exports[`<TransitionGroup /> -- all props filled leave 1`] = `
Object {
  "className": "APPEAR",
  "method": "addClass",
  "name": "horizontal",
}
`;

exports[`<TransitionGroup /> -- all props filled leave 2`] = `
Object {
  "className": "APPEAR",
  "method": "setTimeoutAnimationFrame",
  "ms": 44,
}
`;

exports[`<TransitionGroup /> -- all props filled leave 3`] = `
Object {
  "className": "APPEAR-active",
  "method": "addClass",
  "name": "horizontal",
}
`;

exports[`<TransitionGroup /> -- all props filled leave 4`] = `
Object {
  "className": "done callbacks",
  "method": "setTimeoutAnimationFrame",
  "ms": 711,
}
`;

exports[`<TransitionGroup /> -- all props filled leave 5`] = `
Object {
  "method": "removeAnimationClasses",
  "name": "horizontal",
}
`;

exports[`<TransitionGroup /> -- all props filled leave 6`] = `
Object {
  "type": "EMPTY",
}
`;

exports[`<TransitionGroup /> -- all props filled leave 7`] = `
Object {
  "className": "LEAVE",
  "method": "addClass",
  "name": "horizontal",
}
`;

exports[`<TransitionGroup /> -- all props filled leave 8`] = `
Object {
  "className": "LEAVE",
  "method": "setTimeoutAnimationFrame",
  "ms": 64,
}
`;

exports[`<TransitionGroup /> -- all props filled leave 9`] = `
Object {
  "className": "LEAVE-active",
  "method": "addClass",
  "name": "horizontal",
}
`;

exports[`<TransitionGroup /> -- all props filled leave 10`] = `
Object {
  "className": "done callbacks",
  "method": "setTimeoutAnimationFrame",
  "ms": 733,
}
`;

exports[`<TransitionGroup /> -- all props filled leave 11`] = `
Object {
  "method": "removeAnimationClasses",
  "name": "horizontal",
}
`;

exports[`<TransitionGroup /> -- all props filled leave 12`] = `
Object {
  "empty": true,
  "num": 0,
}
`;

exports[`<TransitionGroup /> -- all props filled leave 13`] = `<div />`;

exports[`<TransitionGroup /> -- all props filled onEmpty callback 1`] = `
Object {
  "className": "appear",
  "method": "addClass",
  "name": "",
}
`;

exports[`<TransitionGroup /> -- all props filled onEmpty callback 2`] = `
Object {
  "className": "appear",
  "method": "setTimeoutAnimationFrame",
  "ms": 34,
}
`;

exports[`<TransitionGroup /> -- all props filled onEmpty callback 3`] = `
Object {
  "className": "appear-active",
  "method": "addClass",
  "name": "",
}
`;

exports[`<TransitionGroup /> -- all props filled onEmpty callback 4`] = `
Object {
  "className": "done callbacks",
  "method": "setTimeoutAnimationFrame",
  "ms": 35,
}
`;

exports[`<TransitionGroup /> -- all props filled onEmpty callback 5`] = `
Object {
  "method": "removeAnimationClasses",
  "name": "",
}
`;

exports[`<TransitionGroup /> -- all props filled onEmpty callback 6`] = `
Object {
  "type": "EMPTY",
}
`;

exports[`<TransitionGroup /> -- all props filled onEmpty callback 7`] = `
Object {
  "className": undefined,
  "method": "setTimeoutAnimationFrame",
  "ms": 0,
}
`;

exports[`<TransitionGroup /> -- all props filled onEmpty callback 8`] = `
Object {
  "className": "leave",
  "method": "addClass",
  "name": "",
}
`;

exports[`<TransitionGroup /> -- all props filled onEmpty callback 9`] = `
Object {
  "className": "leave",
  "method": "setTimeoutAnimationFrame",
  "ms": 34,
}
`;

exports[`<TransitionGroup /> -- all props filled onEmpty callback 10`] = `
Object {
  "className": "leave-active",
  "method": "addClass",
  "name": "",
}
`;

exports[`<TransitionGroup /> -- all props filled onEmpty callback 11`] = `
Object {
  "className": "done callbacks",
  "method": "setTimeoutAnimationFrame",
  "ms": 35,
}
`;

exports[`<TransitionGroup /> -- all props filled onEmpty callback 12`] = `
Object {
  "method": "removeAnimationClasses",
  "name": "",
}
`;

exports[`<TransitionGroup /> -- all props filled onEmpty callback 13`] = `
Object {
  "empty": true,
  "num": 0,
}
`;

exports[`<TransitionGroup /> -- all props filled onEmpty callback 14`] = `<div />`;

exports[`<TransitionGroup /> -- all props filled onFull callback 1`] = `
Object {
  "type": "FULL",
}
`;

exports[`<TransitionGroup /> -- all props filled onFull callback 2`] = `
Object {
  "className": undefined,
  "method": "setTimeoutAnimationFrame",
  "ms": 0,
}
`;

exports[`<TransitionGroup /> -- all props filled onFull callback 3`] = `
Object {
  "className": "enter",
  "method": "addClass",
  "name": "",
}
`;

exports[`<TransitionGroup /> -- all props filled onFull callback 4`] = `
Object {
  "className": "enter",
  "method": "setTimeoutAnimationFrame",
  "ms": 34,
}
`;

exports[`<TransitionGroup /> -- all props filled onFull callback 5`] = `
Object {
  "className": "enter-active",
  "method": "addClass",
  "name": "",
}
`;

exports[`<TransitionGroup /> -- all props filled onFull callback 6`] = `
Object {
  "className": "done callbacks",
  "method": "setTimeoutAnimationFrame",
  "ms": 35,
}
`;

exports[`<TransitionGroup /> -- all props filled onFull callback 7`] = `
Object {
  "method": "removeAnimationClasses",
  "name": "",
}
`;

exports[`<TransitionGroup /> -- all props filled onFull callback 8`] = `
Object {
  "empty": false,
  "num": 0,
}
`;

exports[`<TransitionGroup /> -- all props filled onFull callback 9`] = `
<div>
  <div
    className="child"
    style={
      Object {
        "backgroundColor": "blue",
      }
    }
  />
</div>
`;
